// Jest Snapshot v1, https://goo.gl/fbAQLP

exports[`GifGridItem Component should show the component correctly 1`] = `
<div
  className="card animate__animated animate__fadeIn"
>
  <img
    alt="Title"
    src="https://asdasd.asd.asd"
  />
  <p>
    Title
  </p>
</div>
`;
